Run on (4 X 2594.09 MHz CPU s)
2017-10-28 16:31:05
name,iterations,real_time,cpu_time,time_unit,bytes_per_second,items_per_second,label,error_occurred,error_message
"BM_map_insert<std::map<int, std::string>>/8",100000,8071.22,8073.56,ns,,,,,
"BM_map_insert<std::map<int, std::string>>/16",59726,17160.7,17092.3,ns,,,,,
"BM_map_insert<std::map<int, std::string>>/32",29567,34760.4,34775.7,ns,,,,,
"BM_map_insert<std::map<int, std::string>>/64",10000,70687.4,70689.8,ns,,,,,
"BM_map_insert<std::map<int, std::string>>/128",6193,138058,138125,ns,,,,,
"BM_map_insert<std::map<int, std::string>>/256",2928,270613,270635,ns,,,,,
"BM_map_insert<std::map<int, std::string>>/512",1000,560208,560488,ns,,,,,
"BM_map_insert<std::map<int, std::string>>/1024",704,1.39251e+06,1.39268e+06,ns,,,,,
"BM_map_insert<std::map<int, std::string>>/2048",306,2.57311e+06,2.57432e+06,ns,,,,,
