Run on (4 X 2594.09 MHz CPU s)
2017-10-28 16:31:15
name,iterations,real_time,cpu_time,time_unit,bytes_per_second,items_per_second,label,error_occurred,error_message
"BM_unordered_map_insert_sort_iterate/8",481702,1447.66,1446.42,ns,,,,,
"BM_unordered_map_insert_sort_iterate/16",107894,6146.29,6147.08,ns,,,,,
"BM_unordered_map_insert_sort_iterate/32",24604,26582,26583.3,ns,,,,,
"BM_unordered_map_insert_sort_iterate/64",4782,133809,133860,ns,,,,,
"BM_unordered_map_insert_sort_iterate/128",1108,626719,627033,ns,,,,,
