Run on (4 X 2594.09 MHz CPU s)
2017-10-28 16:30:07
name,iterations,real_time,cpu_time,time_unit,bytes_per_second,items_per_second,label,error_occurred,error_message
"BM_unordered_map_insert/8",156705,5166.96,5160.42,ns,,,,,
"BM_unordered_map_insert/16",128455,10005,10009.1,ns,,,,,
"BM_unordered_map_insert/32",52414,16645.5,16653.3,ns,,,,,
"BM_unordered_map_insert/64",22016,32339.3,32314.4,ns,,,,,
"BM_unordered_map_insert/128",10000,67395.8,67427.6,ns,,,,,
"BM_unordered_map_insert/256",6084,155844,155905,ns,,,,,
"BM_unordered_map_insert/512",2840,309440,309591,ns,,,,,
"BM_unordered_map_insert/1024",1000,539238,538076,ns,,,,,
"BM_unordered_map_insert/2048",752,1.19958e+06,1.20011e+06,ns,,,,,
