Run on (4 X 2594.09 MHz CPU s)
2017-10-28 16:28:38
name,iterations,real_time,cpu_time,time_unit,bytes_per_second,items_per_second,label,error_occurred,error_message
"BM_unordered_map_insert_sort/8",1000,774967,772184,ns,,,,,
"BM_unordered_map_insert_sort/16",1000,3.37564e+06,3.3763e+06,ns,,,,,
"BM_unordered_map_insert_sort/32",613,8.6373e+06,8.63991e+06,ns,,,,,
"BM_unordered_map_insert_sort/64",144,7.07123e+06,7.07458e+06,ns,,,,,
"BM_unordered_map_insert_sort/128",100,2.10116e+07,2.10173e+07,ns,,,,,
"BM_unordered_map_insert_sort/256",105,9.78398e+07,9.7867e+07,ns,,,,,
"BM_unordered_map_insert_sort/512",23,7.65591e+07,7.65751e+07,ns,,,,,
"BM_unordered_map_insert_sort/1024",10,1.28467e+08,1.28498e+08,ns,,,,,
"BM_unordered_map_insert_sort/2048",10,5.75048e+08,5.75199e+08,ns,,,,,
